{"timestamp":1789056471,"source":"TetraVim","msg":"headless_spec probe 1789056471-794207","level":"warn"}
{"msg":"headless_spec probe 1789056491-794207","level":"warn","timestamp":1789056491,"source":"TetraVim"}
{"msg":"headless_spec probe 1789056535-794207","source":"TetraVim","timestamp":1789056535,"level":"warn"}
{"level":"warn","timestamp":1789057191,"source":"TetraVim","msg":"headless_spec probe 1789057191-794207"}
{"timestamp":1789059810,"source":"TetraVim","msg":"headless_spec probe 1789059810-794207","level":"warn"}
{"source":"TetraVim","msg":"headless_spec probe 1789059819-794207","level":"warn","timestamp":1789059819}
{"source":"TetraVim","msg":"headless_spec probe 1789060775-794207","level":"warn","timestamp":1789060775}
{"msg":"headless_spec probe 1789060785-794207","timestamp":1789060785,"level":"warn","source":"TetraVim"}
{"level":"warn","source":"TetraVim","msg":"headless_spec probe 1789060788-794207","timestamp":1789060788}
{"timestamp":1789061008,"source":"TetraVim","level":"warn","msg":"headless_spec probe 1789061008-794207"}
{"msg":"headless_spec probe 1789061363-794207","level":"warn","source":"TetraVim","timestamp":1789061363}
{"source":"TetraVim","timestamp":1789061372,"msg":"headless_spec probe 1789061372-794207","level":"warn"}
{"source":"TetraVim","level":"warn","timestamp":1789061470,"msg":"headless_spec probe 1789061470-794207"}
{"source":"TetraVim","level":"warn","msg":"headless_spec probe 1789061473-794207","timestamp":1789061473}
{"timestamp":1789061482,"msg":"headless_spec probe 1789061482-794207","level":"warn","source":"TetraVim"}
{"level":"warn","source":"TetraVim","timestamp":1789061507,"msg":"headless_spec probe 1789061507-794207"}
{"level":"warn","timestamp":1789063265,"source":"TetraVim","msg":"headless_spec probe 1789063265-794207"}
{"timestamp":1789063273,"msg":"headless_spec probe 1789063273-794207","source":"TetraVim","level":"warn"}
{"level":"warn","msg":"headless_spec probe 1789063329-794207","timestamp":1789063329,"source":"TetraVim"}
{"level":"warn","source":"TetraVim","msg":"headless_spec probe 1789063765-794207","timestamp":1789063765}
{"level":"warn","source":"TetraVim","timestamp":1789064213,"msg":"headless_spec probe 1789064213-794207"}
{"level":"warn","timestamp":1789064486,"msg":"headless_spec probe 1789064486-794207","source":"TetraVim"}
{"level":"warn","source":"TetraVim","msg":"headless_spec probe 1789064645-794207","timestamp":1789064645}
{"timestamp":1789064959,"source":"TetraVim","level":"warn","msg":"headless_spec probe 1789064959-794207"}
{"timestamp":1789065353,"msg":"headless_spec probe 1789065353-794207","source":"TetraVim","level":"warn"}
{"msg":"headless_spec probe 1789066298-794207","timestamp":1789066298,"source":"TetraVim","level":"warn"}
{"timestamp":1789066947,"msg":"headless_spec probe 1789066947-794207","source":"TetraVim","level":"warn"}
{"level":"warn","source":"TetraVim","msg":"headless_spec probe 1789067689-794207","timestamp":1789067689}
{"source":"TetraVim","level":"warn","timestamp":1789068745,"msg":"headless_spec probe 1789068745-794207"}
{"source":"TetraVim","level":"warn","timestamp":1789068752,"msg":"headless_spec probe 1789068752-794207"}
{"timestamp":1789068759,"source":"TetraVim","level":"warn","msg":"headless_spec probe 1789068759-794207"}
{"timestamp":1789069071,"level":"warn","source":"TetraVim","msg":"headless_spec probe 1789069071-794207"}
{"timestamp":1789069079,"source":"TetraVim","level":"warn","msg":"headless_spec probe 1789069079-794207"}
{"timestamp":1789069291,"level":"warn","source":"TetraVim","msg":"headless_spec probe 1789069291-794207"}
{"timestamp":1789069368,"msg":"headless_spec probe 1789069368-794207","source":"TetraVim","level":"warn"}
{"level":"warn","source":"TetraVim","msg":"headless_spec probe 1789069395-794207","timestamp":1789069395}
{"source":"TetraVim","level":"warn","timestamp":1789069573,"msg":"headless_spec probe 1789069573-794207"}
{"level":"warn","timestamp":1789069576,"msg":"headless_spec probe 1789069576-794207","source":"TetraVim"}
{"timestamp":1789069614,"level":"warn","msg":"headless_spec probe 1789069614-794207","source":"TetraVim"}
{"timestamp":1789069618,"msg":"headless_spec probe 1789069618-794207","source":"TetraVim","level":"warn"}
{"source":"TetraVim","level":"warn","msg":"headless_spec probe 1789069623-794207","timestamp":1789069623}
{"source":"TetraVim","timestamp":1789069656,"msg":"headless_spec probe 1789069656-794207","level":"warn"}
{"level":"warn","msg":"headless_spec probe 1789069706-794207","timestamp":1789069706,"source":"TetraVim"}
{"source":"TetraVim","level":"warn","msg":"headless_spec probe 1789069710-794207","timestamp":1789069710}
{"level":"warn","timestamp":1789070102,"msg":"headless_spec probe 1789070102-794207","source":"TetraVim"}
{"msg":"headless_spec probe 1789070132-794207","level":"warn","timestamp":1789070132,"source":"TetraVim"}
{"source":"TetraVim","msg":"headless_spec probe 1789070136-794207","timestamp":1789070136,"level":"warn"}
{"source":"TetraVim","level":"warn","timestamp":1789070393,"msg":"headless_spec probe 1789070393-794207"}
{"msg":"headless_spec probe 1789070480-794207","timestamp":1789070480,"level":"warn","source":"TetraVim"}
{"level":"warn","source":"TetraVim","msg":"headless_spec probe 1789070530-794207","timestamp":1789070530}
{"level":"warn","source":"TetraVim","timestamp":1789070549,"msg":"headless_spec probe 1789070549-794207"}
{"msg":"headless_spec probe 1789070552-794207","timestamp":1789070552,"source":"TetraVim","level":"warn"}
{"level":"warn","msg":"headless_spec probe 1789071110-794207","timestamp":1789071110,"source":"TetraVim"}
{"msg":"headless_spec probe 1789071117-794207","timestamp":1789071117,"level":"warn","source":"TetraVim"}
{"msg":"headless_spec probe 1789071130-794207","timestamp":1789071130,"level":"warn","source":"TetraVim"}
{"msg":"headless_spec probe 1789071143-794207","level":"warn","source":"TetraVim","timestamp":1789071143}
{"source":"TetraVim","msg":"headless_spec probe 1789071226-794207","timestamp":1789071226,"level":"warn"}
{"timestamp":1789071491,"source":"TetraVim","level":"warn","msg":"headless_spec probe 1789071491-794207"}
{"level":"warn","source":"TetraVim","msg":"headless_spec probe 1789074173-794207","timestamp":1789074173}
{"level":"warn","msg":"headless_spec probe 1789074185-794207","timestamp":1789074185,"source":"TetraVim"}
{"level":"warn","msg":"headless_spec probe 1789074400-794207","timestamp":1789074400,"source":"TetraVim"}
{"timestamp":1789074979,"source":"TetraVim","level":"warn","msg":"headless_spec probe 1789074979-794207"}
{"level":"warn","source":"TetraVim","msg":"headless_spec probe 1789074992-794207","timestamp":1789074992}
{"source":"TetraVim","msg":"headless_spec probe 1789075358-794207","timestamp":1789075358,"level":"warn"}
{"source":"TetraVim","timestamp":1789076529,"level":"warn","msg":"headless_spec probe 1789076529-794207"}
{"timestamp":1789076599,"source":"TetraVim","level":"warn","msg":"headless_spec probe 1789076599-794207"}
{"msg":"headless_spec probe 1789076735-794207","source":"TetraVim","timestamp":1789076735,"level":"warn"}
{"timestamp":1789076765,"source":"TetraVim","msg":"headless_spec probe 1789076765-794207","level":"warn"}
{"msg":"headless_spec probe 1789077215-794207","timestamp":1789077215,"level":"warn","source":"TetraVim"}
{"timestamp":1789134342,"level":"warn","source":"TetraVim","msg":"headless_spec probe 1789134342-794207"}
{"timestamp":1789282423,"source":"TetraVim","level":"warn","msg":"headless_spec probe 1789282423-794207"}
{"msg":"headless_spec probe 1789282482-794207","timestamp":1789282482,"level":"warn","source":"TetraVim"}
{"timestamp":1789282486,"source":"TetraVim","level":"warn","msg":"headless_spec probe 1789282486-794207"}
{"msg":"headless_spec probe 1789283377-794207","timestamp":1789283377,"source":"TetraVim","level":"warn"}
{"source":"TetraVim","level":"warn","msg":"headless_spec probe 1789283874-794207","timestamp":1789283874}
{"level":"warn","source":"TetraVim","msg":"headless_spec probe 1789284602-794207","timestamp":1789284602}
{"source":"TetraVim","msg":"headless_spec probe 1789284612-794207","timestamp":1789284612,"level":"warn"}
